ERRORS:
-there is no sidebar
-add instructions for teleportation
-add welcome text
-make multiline text work
-make user interaction/what they want work (using description)
-make numTurns work so you actually run out of turns
-endgame screen
